[2026-08-17 15:33:33Z INFO HostContext] No proxy settings were found based on environmental variables (http_proxy/https_proxy/HTTP_PROXY/HTTPS_PROXY)
[2026-08-17 15:33:33Z INFO HostContext] Well known directory 'Bin': 'C:\Users\PankajKumarRoy\Desktop\Univercity-main\actions-runner\bin'
[2026-08-17 15:33:33Z INFO HostContext] Well known directory 'Root': 'C:\Users\PankajKumarRoy\Desktop\Univercity-main\actions-runner'
[2026-08-17 15:33:33Z INFO HostContext] Well known config file 'Credentials': 'C:\Users\PankajKumarRoy\Desktop\Univercity-main\actions-runner\.credentials'
[2026-08-17 15:33:33Z INFO HostContext] Well known directory 'Bin': 'C:\Users\PankajKumarRoy\Desktop\Univercity-main\actions-runner\bin'
[2026-08-17 15:33:33Z INFO HostContext] Well known directory 'Root': 'C:\Users\PankajKumarRoy\Desktop\Univercity-main\actions-runner'
[2026-08-17 15:33:33Z INFO HostContext] Well known config file 'Runner': 'C:\Users\PankajKumarRoy\Desktop\Univercity-main\actions-runner\.runner'
[2026-08-17 15:33:33Z INFO Listener] Runner is built for Windows (X64) - win-x64.
[2026-08-17 15:33:33Z INFO Listener] RuntimeInformation: Microsoft Windows 10.0.26200.
[2026-08-17 15:33:33Z INFO Listener] Version: 2.336.0
[2026-08-17 15:33:33Z INFO Listener] Commit: 98aabcd429c4e8402406c56ce2d26387fed3b9ce
[2026-08-17 15:33:33Z INFO Listener] Culture: en-US
[2026-08-17 15:33:33Z INFO Listener] UI Culture: en-US
[2026-08-17 15:33:33Z INFO HostContext] Well known directory 'Bin': 'C:\Users\PankajKumarRoy\Desktop\Univercity-main\actions-runner\bin'
[2026-08-17 15:33:33Z INFO HostContext] Well known directory 'Root': 'C:\Users\PankajKumarRoy\Desktop\Univercity-main\actions-runner'
[2026-08-17 15:33:33Z INFO Listener] Validating directory permissions for: 'C:\Users\PankajKumarRoy\Desktop\Univercity-main\actions-runner'
[2026-08-17 15:33:33Z INFO CommandLineParser] Parse
[2026-08-17 15:33:33Z INFO CommandLineParser] Parsing 1 args
[2026-08-17 15:33:33Z INFO CommandLineParser] parsing argument
[2026-08-17 15:33:33Z INFO CommandLineParser] HasArgs: False
[2026-08-17 15:33:33Z INFO CommandLineParser] Adding Command: run
[2026-08-17 15:33:33Z INFO Listener] Arguments parsed
[2026-08-17 15:33:33Z INFO Runner] ExecuteCommand
[2026-08-17 15:33:33Z INFO ConfigurationStore] currentAssemblyLocation: C:\Users\PankajKumarRoy\Desktop\Univercity-main\actions-runner\bin\Runner.Listener.dll
[2026-08-17 15:33:33Z INFO HostContext] Well known directory 'Bin': 'C:\Users\PankajKumarRoy\Desktop\Univercity-main\actions-runner\bin'
[2026-08-17 15:33:33Z INFO ConfigurationStore] binPath: C:\Users\PankajKumarRoy\Desktop\Univercity-main\actions-runner\bin
[2026-08-17 15:33:33Z INFO HostContext] Well known directory 'Bin': 'C:\Users\PankajKumarRoy\Desktop\Univercity-main\actions-runner\bin'
[2026-08-17 15:33:33Z INFO HostContext] Well known directory 'Root': 'C:\Users\PankajKumarRoy\Desktop\Univercity-main\actions-runner'
[2026-08-17 15:33:33Z INFO ConfigurationStore] RootFolder: C:\Users\PankajKumarRoy\Desktop\Univercity-main\actions-runner
[2026-08-17 15:33:33Z INFO HostContext] Well known directory 'Bin': 'C:\Users\PankajKumarRoy\Desktop\Univercity-main\actions-runner\bin'
[2026-08-17 15:33:33Z INFO HostContext] Well known directory 'Root': 'C:\Users\PankajKumarRoy\Desktop\Univercity-main\actions-runner'
[2026-08-17 15:33:33Z INFO HostContext] Well known config file 'Runner': 'C:\Users\PankajKumarRoy\Desktop\Univercity-main\actions-runner\.runner'
[2026-08-17 15:33:33Z INFO ConfigurationStore] ConfigFilePath: C:\Users\PankajKumarRoy\Desktop\Univercity-main\actions-runner\.runner
[2026-08-17 15:33:33Z INFO HostContext] Well known directory 'Bin': 'C:\Users\PankajKumarRoy\Desktop\Univercity-main\actions-runner\bin'
[2026-08-17 15:33:33Z INFO HostContext] Well known directory 'Root': 'C:\Users\PankajKumarRoy\Desktop\Univercity-main\actions-runner'
[2026-08-17 15:33:33Z INFO HostContext] Well known config file 'MigratedRunner': 'C:\Users\PankajKumarRoy\Desktop\Univercity-main\actions-runner\.runner_migrated'
[2026-08-17 15:33:33Z INFO ConfigurationStore] MigratedConfigFilePath: C:\Users\PankajKumarRoy\Desktop\Univercity-main\actions-runner\.runner_migrated
[2026-08-17 15:33:33Z INFO HostContext] Well known directory 'Bin': 'C:\Users\PankajKumarRoy\Desktop\Univercity-main\actions-runner\bin'
[2026-08-17 15:33:33Z INFO HostContext] Well known directory 'Root': 'C:\Users\PankajKumarRoy\Desktop\Univercity-main\actions-runner'
[2026-08-17 15:33:33Z INFO HostContext] Well known config file 'Credentials': 'C:\Users\PankajKumarRoy\Desktop\Univercity-main\actions-runner\.credentials'
[2026-08-17 15:33:33Z INFO ConfigurationStore] CredFilePath: C:\Users\PankajKumarRoy\Desktop\Univercity-main\actions-runner\.credentials
[2026-08-17 15:33:33Z INFO HostContext] Well known directory 'Bin': 'C:\Users\PankajKumarRoy\Desktop\Univercity-main\actions-runner\bin'
[2026-08-17 15:33:33Z INFO HostContext] Well known directory 'Root': 'C:\Users\PankajKumarRoy\Desktop\Univercity-main\actions-runner'
[2026-08-17 15:33:33Z INFO HostContext] Well known config file 'MigratedCredentials': 'C:\Users\PankajKumarRoy\Desktop\Univercity-main\actions-runner\.credentials_migrated'
[2026-08-17 15:33:33Z INFO ConfigurationStore] MigratedCredFilePath: C:\Users\PankajKumarRoy\Desktop\Univercity-main\actions-runner\.credentials_migrated
[2026-08-17 15:33:33Z INFO HostContext] Well known directory 'Bin': 'C:\Users\PankajKumarRoy\Desktop\Univercity-main\actions-runner\bin'
[2026-08-17 15:33:33Z INFO HostContext] Well known directory 'Root': 'C:\Users\PankajKumarRoy\Desktop\Univercity-main\actions-runner'
[2026-08-17 15:33:33Z INFO HostContext] Well known config file 'Service': 'C:\Users\PankajKumarRoy\Desktop\Univercity-main\actions-runner\.service'
[2026-08-17 15:33:33Z INFO ConfigurationStore] ServiceConfigFilePath: C:\Users\PankajKumarRoy\Desktop\Univercity-main\actions-runner\.service
[2026-08-17 15:33:33Z INFO CommandSettings] Flag 'help': 'False'
[2026-08-17 15:33:33Z INFO CommandSettings] Flag 'version': 'False'
[2026-08-17 15:33:33Z INFO CommandSettings] Flag 'commit': 'False'
[2026-08-17 15:33:33Z INFO CommandSettings] Flag 'check': 'False'
[2026-08-17 15:33:33Z INFO CommandSettings] Command 'configure': 'False'
[2026-08-17 15:33:33Z INFO CommandSettings] Command 'remove': 'False'
[2026-08-17 15:33:33Z INFO CommandSettings] Command 'warmup': 'False'
[2026-08-17 15:33:33Z INFO ConfigurationManager] LoadSettings
[2026-08-17 15:33:33Z INFO ConfigurationStore] IsConfigured()
[2026-08-17 15:33:33Z INFO ConfigurationStore] IsConfigured: True
[2026-08-17 15:33:33Z INFO ConfigurationManager] Is configured: True
[2026-08-17 15:33:33Z INFO ConfigurationStore] Read setting file: 399 chars
[2026-08-17 15:33:33Z INFO ConfigurationManager] Settings Loaded
[2026-08-17 15:33:33Z INFO ConfigurationStore] IsServiceConfigured()
[2026-08-17 15:33:33Z INFO ConfigurationStore] IsServiceConfigured: False
[2026-08-17 15:33:33Z INFO CommandSettings] Command 'run': 'True'
[2026-08-17 15:33:33Z INFO ConfigurationStore] IsConfigured()
[2026-08-17 15:33:33Z INFO ConfigurationStore] IsConfigured: True
[2026-08-17 15:33:33Z INFO ConfigurationManager] Is configured: True
[2026-08-17 15:33:33Z INFO Runner] Could not parse the argument value '' for StartupType. Defaulting to Manual
[2026-08-17 15:33:33Z INFO Runner] Set runner startup type - Manual
[2026-08-17 15:33:33Z INFO CommandSettings] Flag 'once': 'False'
[2026-08-17 15:33:33Z INFO CommandSettings] Flag 'once': 'False'
[2026-08-17 15:33:33Z INFO Runner] RunAsync
[2026-08-17 15:33:33Z INFO HostContext] Well known directory 'Bin': 'C:\Users\PankajKumarRoy\Desktop\Univercity-main\actions-runner\bin'
[2026-08-17 15:33:33Z INFO HostContext] Well known directory 'Root': 'C:\Users\PankajKumarRoy\Desktop\Univercity-main\actions-runner'
[2026-08-17 15:33:33Z INFO HostContext] Well known directory 'Work': 'C:\Users\PankajKumarRoy\Desktop\Univercity-main\actions-runner\_work'
[2026-08-17 15:33:33Z INFO Runner] Validating directory permissions for: 'C:\Users\PankajKumarRoy\Desktop\Univercity-main\actions-runner\_work'
[2026-08-17 15:33:33Z INFO ConfigurationManager] LoadMigratedSettings
[2026-08-17 15:33:33Z INFO ConfigurationStore] IsMigratedConfigured()
[2026-08-17 15:33:33Z INFO ConfigurationStore] IsMigratedConfigured: False
[2026-08-17 15:33:33Z INFO Runner] Failed to load migrated settings: No migrated configuration found.
[2026-08-17 15:33:33Z INFO Runner] Falling back to original .runner settings
[2026-08-17 15:33:33Z INFO Runner] Using BrokerMessageListener
[2026-08-17 15:33:33Z INFO BrokerMessageListener] Using provided settings
[2026-08-17 15:33:33Z INFO BrokerMessageListener] {
  "AgentId": 2,
  "AgentName": "EAZE-IT-JAPAN",
  "PoolId": 1,
  "PoolName": "Default",
  "ServerUrl": "https://pipelinesghubeus24.actions.githubusercontent.com/bxDI1ewPLVMP7Hl1xK7DNRt8OjkmBKnvBFANzTtn7hqumVRTLO/",
  "GitHubUrl": "https://github.com/Ponkoog-roy/Univercity",
  "WorkFolder": "_work",
  "UseV2Flow": true,
  "ServerUrlV2": "https://broker.actions.githubusercontent.com/"
}
[2026-08-17 15:33:33Z INFO BrokerMessageListener] Loading Credentials
[2026-08-17 15:33:33Z INFO ConfigurationStore] HasCredentials()
[2026-08-17 15:33:33Z INFO ConfigurationStore] stored True
[2026-08-17 15:33:33Z INFO CredentialManager] GetCredentialProvider
[2026-08-17 15:33:33Z INFO CredentialManager] Creating type OAuth
[2026-08-17 15:33:33Z INFO CredentialManager] Creating credential type: OAuth
[2026-08-17 15:33:33Z INFO HostContext] Well known directory 'Bin': 'C:\Users\PankajKumarRoy\Desktop\Univercity-main\actions-runner\bin'
[2026-08-17 15:33:33Z INFO HostContext] Well known directory 'Root': 'C:\Users\PankajKumarRoy\Desktop\Univercity-main\actions-runner'
[2026-08-17 15:33:33Z INFO HostContext] Well known config file 'RSACredentials': 'C:\Users\PankajKumarRoy\Desktop\Univercity-main\actions-runner\.credentials_rsaparams'
[2026-08-17 15:33:33Z INFO RSAEncryptedFileKeyManager] Loading RSA key parameters from file C:\Users\PankajKumarRoy\Desktop\Univercity-main\actions-runner\.credentials_rsaparams
[2026-08-17 15:33:33Z INFO BrokerMessageListener] Attempt to create session.
[2026-08-17 15:33:33Z INFO BrokerMessageListener] Connecting to the Broker Server...
[2026-08-17 15:33:33Z INFO ConfigurationStore] HasCredentials()
[2026-08-17 15:33:33Z INFO ConfigurationStore] stored True
[2026-08-17 15:33:33Z INFO CredentialManager] GetCredentialProvider
[2026-08-17 15:33:33Z INFO CredentialManager] Creating type OAuth
[2026-08-17 15:33:33Z INFO CredentialManager] Creating credential type: OAuth
[2026-08-17 15:33:33Z INFO RSAEncryptedFileKeyManager] Loading RSA key parameters from file C:\Users\PankajKumarRoy\Desktop\Univercity-main\actions-runner\.credentials_rsaparams
[2026-08-17 15:33:33Z INFO BrokerMessageListener] VssConnection created
[2026-08-17 15:33:33Z INFO BrokerMessageListener] Connecting to the Runner server...
[2026-08-17 15:33:33Z INFO RunnerServer] EstablishVssConnection
[2026-08-17 15:33:33Z INFO RunnerServer] Establish connection with 100 seconds timeout.
[2026-08-17 15:33:33Z INFO GitHubActionsService] Starting operation Location.GetConnectionData
[2026-08-17 15:33:33Z INFO RunnerServer] EstablishVssConnection
[2026-08-17 15:33:33Z INFO RunnerServer] Establish connection with 60 seconds timeout.
[2026-08-17 15:33:33Z INFO GitHubActionsService] Starting operation Location.GetConnectionData
[2026-08-17 15:33:33Z INFO RunnerServer] EstablishVssConnection
[2026-08-17 15:33:33Z INFO RunnerServer] Establish connection with 60 seconds timeout.
[2026-08-17 15:33:33Z INFO GitHubActionsService] Starting operation Location.GetConnectionData
[2026-08-17 15:33:34Z INFO GitHubActionsService] Finished operation Location.GetConnectionData
[2026-08-17 15:33:34Z INFO GitHubActionsService] Finished operation Location.GetConnectionData
[2026-08-17 15:33:34Z INFO GitHubActionsService] Finished operation Location.GetConnectionData
[2026-08-17 15:33:34Z INFO BrokerMessageListener] VssConnection created
[2026-08-17 15:33:34Z INFO Terminal] WRITE LINE: 
[2026-08-17 15:33:34Z INFO Terminal] WRITE LINE: 
[2026-08-17 15:33:34Z INFO RSAEncryptedFileKeyManager] Loading RSA key parameters from file C:\Users\PankajKumarRoy\Desktop\Univercity-main\actions-runner\.credentials_rsaparams
[2026-08-17 15:33:34Z INFO RSAEncryptedFileKeyManager] Loading RSA key parameters from file C:\Users\PankajKumarRoy\Desktop\Univercity-main\actions-runner\.credentials_rsaparams
[2026-08-17 15:33:35Z INFO GitHubActionsService] AAD Correlation ID for this token request: Unknown
[2026-08-17 15:33:36Z INFO BrokerMessageListener] Session created.
[2026-08-17 15:33:36Z INFO Terminal] WRITE LINE: Current runner version: '2.336.0'
[2026-08-17 15:33:36Z INFO Terminal] WRITE LINE: 2026-08-17 15:33:36Z: Listening for Jobs
[2026-08-17 15:33:36Z INFO JobDispatcher] Set runner/worker IPC timeout to 30 seconds.
[2026-08-17 15:57:22Z INFO BrokerMessageListener] Acknowledging runner request '055710e8-ba98-5907-9ac3-1036a47ada8a'.
[2026-08-17 15:57:23Z INFO ConfigurationStore] HasCredentials()
[2026-08-17 15:57:23Z INFO ConfigurationStore] stored True
[2026-08-17 15:57:23Z INFO CredentialManager] GetCredentialProvider
[2026-08-17 15:57:23Z INFO CredentialManager] Creating type OAuth
[2026-08-17 15:57:23Z INFO CredentialManager] Creating credential type: OAuth
[2026-08-17 15:57:23Z INFO RSAEncryptedFileKeyManager] Loading RSA key parameters from file C:\Users\PankajKumarRoy\Desktop\Univercity-main\actions-runner\.credentials_rsaparams
[2026-08-17 15:57:23Z INFO RSAEncryptedFileKeyManager] Loading RSA key parameters from file C:\Users\PankajKumarRoy\Desktop\Univercity-main\actions-runner\.credentials_rsaparams
[2026-08-17 15:57:23Z INFO RSAEncryptedFileKeyManager] Loading RSA key parameters from file C:\Users\PankajKumarRoy\Desktop\Univercity-main\actions-runner\.credentials_rsaparams
[2026-08-17 15:57:23Z INFO GitHubActionsService] AAD Correlation ID for this token request: Unknown
[2026-08-17 15:57:25Z INFO JobDispatcher] Job request 0 for plan e71264b5-7d14-4670-be35-ced78058066a job 055710e8-ba98-5907-9ac3-1036a47ada8a received.
[2026-08-17 15:57:25Z INFO JobDispatcher] Pull OrchestrationId e71264b5-7d14-4670-be35-ced78058066a.deploy.__default from JWT claims
[2026-08-17 15:57:25Z INFO BrokerMessageListener] Received job status event. JobState: Busy
[2026-08-17 15:57:25Z INFO BrokerMessageListener] _getMessagesTokenSource is already disposed.
[2026-08-17 15:57:25Z INFO Terminal] WRITE LINE: 2026-08-17 15:57:25Z: Running job: deploy
[2026-08-17 15:57:25Z INFO JobDispatcher] Start renew job request 0 for job 055710e8-ba98-5907-9ac3-1036a47ada8a.
[2026-08-17 15:57:26Z INFO JobDispatcher] Successfully renew job 055710e8-ba98-5907-9ac3-1036a47ada8a, job is valid till 8/17/2026 4:07:26 PM
[2026-08-17 15:57:26Z INFO HostContext] Well known directory 'Bin': 'C:\Users\PankajKumarRoy\Desktop\Univercity-main\actions-runner\bin'
[2026-08-17 15:57:26Z INFO ProcessInvokerWrapper] Starting process:
[2026-08-17 15:57:26Z INFO ProcessInvokerWrapper]   File name: 'C:\Users\PankajKumarRoy\Desktop\Univercity-main\actions-runner\bin\Runner.Worker.exe'
[2026-08-17 15:57:26Z INFO ProcessInvokerWrapper]   Arguments: 'spawnclient 2488 2500'
[2026-08-17 15:57:26Z INFO ProcessInvokerWrapper]   Working directory: 'C:\Users\PankajKumarRoy\Desktop\Univercity-main\actions-runner\bin'
[2026-08-17 15:57:26Z INFO ProcessInvokerWrapper]   Require exit code zero: 'False'
[2026-08-17 15:57:26Z INFO ProcessInvokerWrapper]   Encoding web name:  ; code page: ''
[2026-08-17 15:57:26Z INFO ProcessInvokerWrapper]   Force kill process on cancellation: 'True'
[2026-08-17 15:57:26Z INFO ProcessInvokerWrapper]   Redirected STDIN: 'False'
[2026-08-17 15:57:26Z INFO ProcessInvokerWrapper]   Persist current code page: 'False'
[2026-08-17 15:57:26Z INFO ProcessInvokerWrapper]   Keep redirected STDIN open: 'False'
[2026-08-17 15:57:26Z INFO ProcessInvokerWrapper]   High priority process: 'True'
[2026-08-17 15:57:26Z INFO ProcessInvokerWrapper] Process started with process id 11952, waiting for process exit.
[2026-08-17 15:57:26Z INFO JobDispatcher] Send job request message to worker for job 055710e8-ba98-5907-9ac3-1036a47ada8a.
[2026-08-17 15:57:26Z INFO ProcessChannel] Sending message of length 22937, with hash '4cc7e97174a2d529e19dca69a14745f1aa439f24f15970379e54b03ab0e1f767'
[2026-08-17 15:57:26Z INFO JobNotification] Entering JobStarted Notification
[2026-08-17 15:57:26Z INFO JobNotification] Entering StartMonitor
[2026-08-17 15:57:39Z INFO ProcessInvokerWrapper] STDOUT/STDERR stream read finished.
[2026-08-17 15:57:39Z INFO ProcessInvokerWrapper] STDOUT/STDERR stream read finished.
[2026-08-17 15:57:39Z INFO ProcessInvokerWrapper] Finished process 11952 with exit code 102, and elapsed time 00:00:13.5149703.
[2026-08-17 15:57:39Z INFO JobDispatcher] Worker finished for job 055710e8-ba98-5907-9ac3-1036a47ada8a. Code: 102
[2026-08-17 15:57:39Z INFO JobDispatcher] finish job request for job 055710e8-ba98-5907-9ac3-1036a47ada8a with result: Failed
[2026-08-17 15:57:39Z INFO Terminal] WRITE LINE: 2026-08-17 15:57:39Z: Job deploy completed with result: Failed
[2026-08-17 15:57:39Z INFO JobDispatcher] Stop renew job request for job 055710e8-ba98-5907-9ac3-1036a47ada8a.
[2026-08-17 15:57:39Z INFO JobDispatcher] job renew has been cancelled, stop renew job 055710e8-ba98-5907-9ac3-1036a47ada8a.
[2026-08-17 15:57:39Z INFO JobNotification] Entering JobCompleted Notification
[2026-08-17 15:57:39Z INFO JobNotification] Entering EndMonitor
[2026-08-17 15:57:39Z INFO BrokerMessageListener] Received job status event. JobState: Online
[2026-08-17 15:57:39Z WARN GitHubActionsService] GET request to https://broker.actions.githubusercontent.com/message?sessionId=267bb40b-74b8-494d-8913-0b9682c2634c&status=Busy&runnerVersion=2.336.0&os=Windows&architecture=X64&disableUpdate=false has been cancelled.
[2026-08-17 15:57:39Z ERR  BrokerServer] Catch exception during request
[2026-08-17 15:57:39Z ERR  BrokerServer] System.Threading.Tasks.TaskCanceledException: The operation was canceled.
 ---> System.Threading.Tasks.TaskCanceledException: The operation was canceled.
 ---> System.IO.IOException: Unable to read data from the transport connection: The I/O operation has been aborted because of either a thread exit or an application request..
 ---> System.Net.Sockets.SocketException (995): The I/O operation has been aborted because of either a thread exit or an application request.
   --- End of inner exception stack trace ---
   at System.Net.Sockets.Socket.AwaitableSocketAsyncEventArgs.ThrowException(SocketError error, CancellationToken cancellationToken)
   at System.Net.Sockets.Socket.AwaitableSocketAsyncEventArgs.System.Threading.Tasks.Sources.IValueTaskSource<System.Int32>.GetResult(Int16 token)
   at System.Net.Security.SslStream.EnsureFullTlsFrameAsync[TIOAdapter](CancellationToken cancellationToken, Int32 estimatedSize)
   at System.Runtime.CompilerServices.PoolingAsyncValueTaskMethodBuilder`1.StateMachineBox`1.System.Threading.Tasks.Sources.IValueTaskSource<TResult>.GetResult(Int16 token)
   at System.Net.Security.SslStream.ReadAsyncInternal[TIOAdapter](Memory`1 buffer, CancellationToken cancellationToken)
   at System.Runtime.CompilerServices.PoolingAsyncValueTaskMethodBuilder`1.StateMachineBox`1.System.Threading.Tasks.Sources.IValueTaskSource<TResult>.GetResult(Int16 token)
   at System.Net.Http.HttpConnection.SendAsync(HttpRequestMessage request, Boolean async, CancellationToken cancellationToken)
   --- End of inner exception stack trace ---
   at System.Net.Http.HttpConnection.SendAsync(HttpRequestMessage request, Boolean async, CancellationToken cancellationToken)
   at System.Net.Http.AuthenticationHelper.SendWithNtAuthAsync(HttpRequestMessage request, Uri authUri, Boolean async, ICredentials credentials, Boolean isProxyAuth, HttpConnection connection, HttpConnectionPool connectionPool, CancellationToken cancellationToken)
   at System.Net.Http.HttpConnectionPool.SendWithVersionDetectionAndRetryAsync(HttpRequestMessage request, Boolean async, Boolean doRequestAuth, CancellationToken cancellationToken)
   at System.Net.Http.AuthenticationHelper.SendWithAuthAsync(HttpRequestMessage request, Uri authUri, Boolean async, ICredentials credentials, Boolean preAuthenticate, Boolean isProxyAuth, Boolean doRequestAuth, HttpConnectionPool pool, CancellationToken cancellationToken)
   at System.Net.Http.RedirectHandler.SendAsync(HttpRequestMessage request, Boolean async, CancellationToken cancellationToken)
   at GitHub.Services.Common.RawHttpMessageHandler.SendAsync(HttpRequestMessage request, CancellationToken cancellationToken)
   at GitHub.Services.Common.VssHttpRetryMessageHandler.SendAsync(HttpRequestMessage request, CancellationToken cancellationToken)
   at System.Net.Http.HttpClient.<SendAsync>g__Core|83_0(HttpRequestMessage request, HttpCompletionOption completionOption, CancellationTokenSource cts, Boolean disposeCts, CancellationTokenSource pendingRequestsCts, CancellationToken originalCancellationToken)
   --- End of inner exception stack trace ---
   at System.Net.Http.HttpClient.HandleFailure(Exception e, Boolean telemetryStarted, HttpResponseMessage response, CancellationTokenSource cts, CancellationToken cancellationToken, CancellationTokenSource pendingRequestsCts)
   at System.Net.Http.HttpClient.<SendAsync>g__Core|83_0(HttpRequestMessage request, HttpCompletionOption completionOption, CancellationTokenSource cts, Boolean disposeCts, CancellationTokenSource pendingRequestsCts, CancellationToken originalCancellationToken)
   at Sdk.WebApi.WebApi.RawHttpClientBase.SendAsync(HttpRequestMessage message, HttpCompletionOption completionOption, Object userState, CancellationToken cancellationToken)
   at Sdk.WebApi.WebApi.RawHttpClientBase.SendAsync[T](HttpRequestMessage message, Boolean readErrorBody, Object userState, CancellationToken cancellationToken)
   at Sdk.WebApi.WebApi.RawHttpClientBase.SendAsync[T](HttpMethod method, IEnumerable`1 additionalHeaders, Uri requestUri, HttpContent content, IEnumerable`1 queryParameters, Boolean readErrorBody, Object userState, CancellationToken cancellationToken)
   at GitHub.Actions.RunService.WebApi.BrokerHttpClient.GetRunnerMessageAsync(Nullable`1 sessionId, String runnerVersion, Nullable`1 status, String os, String architecture, Nullable`1 disableUpdate, CancellationToken cancellationToken)
   at GitHub.Runner.Common.BrokerServer.<>c__DisplayClass7_0.<<GetRunnerMessageAsync>b__0>d.MoveNext()
--- End of stack trace from previous location ---
   at GitHub.Runner.Common.RunnerService.RetryRequest[T](Func`1 func, CancellationToken cancellationToken, Int32 maxAttempts, Func`2 shouldRetry)
[2026-08-17 15:57:39Z ERR  BrokerServer] #####################################################
[2026-08-17 15:57:39Z ERR  BrokerServer] System.Threading.Tasks.TaskCanceledException: The operation was canceled.
 ---> System.IO.IOException: Unable to read data from the transport connection: The I/O operation has been aborted because of either a thread exit or an application request..
 ---> System.Net.Sockets.SocketException (995): The I/O operation has been aborted because of either a thread exit or an application request.
   --- End of inner exception stack trace ---
   at System.Net.Sockets.Socket.AwaitableSocketAsyncEventArgs.ThrowException(SocketError error, CancellationToken cancellationToken)
   at System.Net.Sockets.Socket.AwaitableSocketAsyncEventArgs.System.Threading.Tasks.Sources.IValueTaskSource<System.Int32>.GetResult(Int16 token)
   at System.Net.Security.SslStream.EnsureFullTlsFrameAsync[TIOAdapter](CancellationToken cancellationToken, Int32 estimatedSize)
   at System.Runtime.CompilerServices.PoolingAsyncValueTaskMethodBuilder`1.StateMachineBox`1.System.Threading.Tasks.Sources.IValueTaskSource<TResult>.GetResult(Int16 token)
   at System.Net.Security.SslStream.ReadAsyncInternal[TIOAdapter](Memory`1 buffer, CancellationToken cancellationToken)
   at System.Runtime.CompilerServices.PoolingAsyncValueTaskMethodBuilder`1.StateMachineBox`1.System.Threading.Tasks.Sources.IValueTaskSource<TResult>.GetResult(Int16 token)
   at System.Net.Http.HttpConnection.SendAsync(HttpRequestMessage request, Boolean async, CancellationToken cancellationToken)
   --- End of inner exception stack trace ---
   at System.Net.Http.HttpConnection.SendAsync(HttpRequestMessage request, Boolean async, CancellationToken cancellationToken)
   at System.Net.Http.AuthenticationHelper.SendWithNtAuthAsync(HttpRequestMessage request, Uri authUri, Boolean async, ICredentials credentials, Boolean isProxyAuth, HttpConnection connection, HttpConnectionPool connectionPool, CancellationToken cancellationToken)
   at System.Net.Http.HttpConnectionPool.SendWithVersionDetectionAndRetryAsync(HttpRequestMessage request, Boolean async, Boolean doRequestAuth, CancellationToken cancellationToken)
   at System.Net.Http.AuthenticationHelper.SendWithAuthAsync(HttpRequestMessage request, Uri authUri, Boolean async, ICredentials credentials, Boolean preAuthenticate, Boolean isProxyAuth, Boolean doRequestAuth, HttpConnectionPool pool, CancellationToken cancellationToken)
   at System.Net.Http.RedirectHandler.SendAsync(HttpRequestMessage request, Boolean async, CancellationToken cancellationToken)
   at GitHub.Services.Common.RawHttpMessageHandler.SendAsync(HttpRequestMessage request, CancellationToken cancellationToken)
   at GitHub.Services.Common.VssHttpRetryMessageHandler.SendAsync(HttpRequestMessage request, CancellationToken cancellationToken)
   at System.Net.Http.HttpClient.<SendAsync>g__Core|83_0(HttpRequestMessage request, HttpCompletionOption completionOption, CancellationTokenSource cts, Boolean disposeCts, CancellationTokenSource pendingRequestsCts, CancellationToken originalCancellationToken)
[2026-08-17 15:57:39Z ERR  BrokerServer] #####################################################
[2026-08-17 15:57:39Z ERR  BrokerServer] System.IO.IOException: Unable to read data from the transport connection: The I/O operation has been aborted because of either a thread exit or an application request..
 ---> System.Net.Sockets.SocketException (995): The I/O operation has been aborted because of either a thread exit or an application request.
   --- End of inner exception stack trace ---
   at System.Net.Sockets.Socket.AwaitableSocketAsyncEventArgs.ThrowException(SocketError error, CancellationToken cancellationToken)
   at System.Net.Sockets.Socket.AwaitableSocketAsyncEventArgs.System.Threading.Tasks.Sources.IValueTaskSource<System.Int32>.GetResult(Int16 token)
   at System.Net.Security.SslStream.EnsureFullTlsFrameAsync[TIOAdapter](CancellationToken cancellationToken, Int32 estimatedSize)
   at System.Runtime.CompilerServices.PoolingAsyncValueTaskMethodBuilder`1.StateMachineBox`1.System.Threading.Tasks.Sources.IValueTaskSource<TResult>.GetResult(Int16 token)
   at System.Net.Security.SslStream.ReadAsyncInternal[TIOAdapter](Memory`1 buffer, CancellationToken cancellationToken)
   at System.Runtime.CompilerServices.PoolingAsyncValueTaskMethodBuilder`1.StateMachineBox`1.System.Threading.Tasks.Sources.IValueTaskSource<TResult>.GetResult(Int16 token)
   at System.Net.Http.HttpConnection.SendAsync(HttpRequestMessage request, Boolean async, CancellationToken cancellationToken)
[2026-08-17 15:57:39Z ERR  BrokerServer] #####################################################
[2026-08-17 15:57:39Z ERR  BrokerServer] System.Net.Sockets.SocketException (995): The I/O operation has been aborted because of either a thread exit or an application request.
[2026-08-17 15:57:39Z WARN BrokerServer] Back off 11.051 seconds before next retry. 4 attempt left.
[2026-08-17 15:57:39Z INFO BrokerMessageListener] Get messages has been cancelled using local token source. Continue to get messages with new status.
[2026-08-17 16:16:09Z INFO BrokerMessageListener] Acknowledging runner request '5e78306a-e355-5fa0-99d9-46535d05c70b'.
[2026-08-17 16:16:10Z INFO ConfigurationStore] HasCredentials()
[2026-08-17 16:16:10Z INFO ConfigurationStore] stored True
[2026-08-17 16:16:10Z INFO CredentialManager] GetCredentialProvider
[2026-08-17 16:16:10Z INFO CredentialManager] Creating type OAuth
[2026-08-17 16:16:10Z INFO CredentialManager] Creating credential type: OAuth
[2026-08-17 16:16:10Z INFO RSAEncryptedFileKeyManager] Loading RSA key parameters from file C:\Users\PankajKumarRoy\Desktop\Univercity-main\actions-runner\.credentials_rsaparams
[2026-08-17 16:16:10Z INFO RSAEncryptedFileKeyManager] Loading RSA key parameters from file C:\Users\PankajKumarRoy\Desktop\Univercity-main\actions-runner\.credentials_rsaparams
[2026-08-17 16:16:10Z INFO RSAEncryptedFileKeyManager] Loading RSA key parameters from file C:\Users\PankajKumarRoy\Desktop\Univercity-main\actions-runner\.credentials_rsaparams
[2026-08-17 16:16:11Z INFO GitHubActionsService] AAD Correlation ID for this token request: Unknown
[2026-08-17 16:16:13Z INFO JobDispatcher] Job request 0 for plan d090942d-72a5-4955-9e4f-5fb1633e40ed job 5e78306a-e355-5fa0-99d9-46535d05c70b received.
[2026-08-17 16:16:13Z INFO JobDispatcher] Pull OrchestrationId d090942d-72a5-4955-9e4f-5fb1633e40ed.deploy.__default from JWT claims
[2026-08-17 16:16:13Z INFO BrokerMessageListener] Received job status event. JobState: Busy
[2026-08-17 16:16:13Z INFO BrokerMessageListener] _getMessagesTokenSource is already disposed.
[2026-08-17 16:16:13Z INFO JobDispatcher] Job request 055710e8-ba98-5907-9ac3-1036a47ada8a processed succeed.
[2026-08-17 16:16:13Z INFO Terminal] WRITE LINE: 2026-08-17 16:16:13Z: Running job: deploy
[2026-08-17 16:16:13Z INFO JobDispatcher] Start renew job request 0 for job 5e78306a-e355-5fa0-99d9-46535d05c70b.
[2026-08-17 16:16:14Z INFO JobDispatcher] Successfully renew job 5e78306a-e355-5fa0-99d9-46535d05c70b, job is valid till 8/17/2026 4:26:15 PM
[2026-08-17 16:16:14Z INFO HostContext] Well known directory 'Bin': 'C:\Users\PankajKumarRoy\Desktop\Univercity-main\actions-runner\bin'
[2026-08-17 16:16:14Z INFO ProcessInvokerWrapper] Starting process:
[2026-08-17 16:16:14Z INFO ProcessInvokerWrapper]   File name: 'C:\Users\PankajKumarRoy\Desktop\Univercity-main\actions-runner\bin\Runner.Worker.exe'
[2026-08-17 16:16:14Z INFO ProcessInvokerWrapper]   Arguments: 'spawnclient 2440 2380'
[2026-08-17 16:16:14Z INFO ProcessInvokerWrapper]   Working directory: 'C:\Users\PankajKumarRoy\Desktop\Univercity-main\actions-runner\bin'
[2026-08-17 16:16:14Z INFO ProcessInvokerWrapper]   Require exit code zero: 'False'
[2026-08-17 16:16:14Z INFO ProcessInvokerWrapper]   Encoding web name:  ; code page: ''
[2026-08-17 16:16:14Z INFO ProcessInvokerWrapper]   Force kill process on cancellation: 'True'
[2026-08-17 16:16:14Z INFO ProcessInvokerWrapper]   Redirected STDIN: 'False'
[2026-08-17 16:16:14Z INFO ProcessInvokerWrapper]   Persist current code page: 'False'
[2026-08-17 16:16:14Z INFO ProcessInvokerWrapper]   Keep redirected STDIN open: 'False'
[2026-08-17 16:16:14Z INFO ProcessInvokerWrapper]   High priority process: 'True'
[2026-08-17 16:16:14Z INFO ProcessInvokerWrapper] Process started with process id 33272, waiting for process exit.
[2026-08-17 16:16:14Z INFO JobDispatcher] Send job request message to worker for job 5e78306a-e355-5fa0-99d9-46535d05c70b.
[2026-08-17 16:16:14Z INFO ProcessChannel] Sending message of length 23361, with hash '7748b7421051b89fbd0d48bdba0dc5922d2778f69b5e12387249dfac7c8db11a'
[2026-08-17 16:16:14Z INFO JobNotification] Entering JobStarted Notification
[2026-08-17 16:16:14Z INFO JobNotification] Entering StartMonitor
[2026-08-17 16:16:53Z INFO ProcessInvokerWrapper] STDOUT/STDERR stream read finished.
[2026-08-17 16:16:53Z INFO ProcessInvokerWrapper] STDOUT/STDERR stream read finished.
[2026-08-17 16:16:53Z INFO ProcessInvokerWrapper] Finished process 33272 with exit code 100, and elapsed time 00:00:38.5534208.
[2026-08-17 16:16:53Z INFO JobDispatcher] Worker finished for job 5e78306a-e355-5fa0-99d9-46535d05c70b. Code: 100
[2026-08-17 16:16:53Z INFO JobDispatcher] finish job request for job 5e78306a-e355-5fa0-99d9-46535d05c70b with result: Succeeded
[2026-08-17 16:16:53Z INFO Terminal] WRITE LINE: 2026-08-17 16:16:53Z: Job deploy completed with result: Succeeded
[2026-08-17 16:16:53Z INFO JobDispatcher] Stop renew job request for job 5e78306a-e355-5fa0-99d9-46535d05c70b.
[2026-08-17 16:16:53Z INFO JobDispatcher] job renew has been cancelled, stop renew job 5e78306a-e355-5fa0-99d9-46535d05c70b.
[2026-08-17 16:16:53Z INFO JobNotification] Entering JobCompleted Notification
[2026-08-17 16:16:53Z INFO JobNotification] Entering EndMonitor
[2026-08-17 16:16:53Z INFO BrokerMessageListener] Received job status event. JobState: Online
[2026-08-17 16:16:53Z WARN GitHubActionsService] GET request to https://broker.actions.githubusercontent.com/message?sessionId=267bb40b-74b8-494d-8913-0b9682c2634c&status=Busy&runnerVersion=2.336.0&os=Windows&architecture=X64&disableUpdate=false has been cancelled.
[2026-08-17 16:16:53Z ERR  BrokerServer] Catch exception during request
[2026-08-17 16:16:53Z ERR  BrokerServer] System.Threading.Tasks.TaskCanceledException: The operation was canceled.
 ---> System.Threading.Tasks.TaskCanceledException: The operation was canceled.
 ---> System.IO.IOException: Unable to read data from the transport connection: The I/O operation has been aborted because of either a thread exit or an application request..
 ---> System.Net.Sockets.SocketException (995): The I/O operation has been aborted because of either a thread exit or an application request.
   --- End of inner exception stack trace ---
   at System.Net.Sockets.Socket.AwaitableSocketAsyncEventArgs.ThrowException(SocketError error, CancellationToken cancellationToken)
   at System.Net.Sockets.Socket.AwaitableSocketAsyncEventArgs.System.Threading.Tasks.Sources.IValueTaskSource<System.Int32>.GetResult(Int16 token)
   at System.Net.Security.SslStream.EnsureFullTlsFrameAsync[TIOAdapter](CancellationToken cancellationToken, Int32 estimatedSize)
   at System.Runtime.CompilerServices.PoolingAsyncValueTaskMethodBuilder`1.StateMachineBox`1.System.Threading.Tasks.Sources.IValueTaskSource<TResult>.GetResult(Int16 token)
   at System.Net.Security.SslStream.ReadAsyncInternal[TIOAdapter](Memory`1 buffer, CancellationToken cancellationToken)
   at System.Runtime.CompilerServices.PoolingAsyncValueTaskMethodBuilder`1.StateMachineBox`1.System.Threading.Tasks.Sources.IValueTaskSource<TResult>.GetResult(Int16 token)
   at System.Net.Http.HttpConnection.SendAsync(HttpRequestMessage request, Boolean async, CancellationToken cancellationToken)
   --- End of inner exception stack trace ---
   at System.Net.Http.HttpConnection.SendAsync(HttpRequestMessage request, Boolean async, CancellationToken cancellationToken)
   at System.Net.Http.AuthenticationHelper.SendWithNtAuthAsync(HttpRequestMessage request, Uri authUri, Boolean async, ICredentials credentials, Boolean isProxyAuth, HttpConnection connection, HttpConnectionPool connectionPool, CancellationToken cancellationToken)
   at System.Net.Http.HttpConnectionPool.SendWithVersionDetectionAndRetryAsync(HttpRequestMessage request, Boolean async, Boolean doRequestAuth, CancellationToken cancellationToken)
   at System.Net.Http.AuthenticationHelper.SendWithAuthAsync(HttpRequestMessage request, Uri authUri, Boolean async, ICredentials credentials, Boolean preAuthenticate, Boolean isProxyAuth, Boolean doRequestAuth, HttpConnectionPool pool, CancellationToken cancellationToken)
   at System.Net.Http.RedirectHandler.SendAsync(HttpRequestMessage request, Boolean async, CancellationToken cancellationToken)
   at GitHub.Services.Common.RawHttpMessageHandler.SendAsync(HttpRequestMessage request, CancellationToken cancellationToken)
   at GitHub.Services.Common.VssHttpRetryMessageHandler.SendAsync(HttpRequestMessage request, CancellationToken cancellationToken)
   at System.Net.Http.HttpClient.<SendAsync>g__Core|83_0(HttpRequestMessage request, HttpCompletionOption completionOption, CancellationTokenSource cts, Boolean disposeCts, CancellationTokenSource pendingRequestsCts, CancellationToken originalCancellationToken)
   --- End of inner exception stack trace ---
   at System.Net.Http.HttpClient.HandleFailure(Exception e, Boolean telemetryStarted, HttpResponseMessage response, CancellationTokenSource cts, CancellationToken cancellationToken, CancellationTokenSource pendingRequestsCts)
   at System.Net.Http.HttpClient.<SendAsync>g__Core|83_0(HttpRequestMessage request, HttpCompletionOption completionOption, CancellationTokenSource cts, Boolean disposeCts, CancellationTokenSource pendingRequestsCts, CancellationToken originalCancellationToken)
   at Sdk.WebApi.WebApi.RawHttpClientBase.SendAsync(HttpRequestMessage message, HttpCompletionOption completionOption, Object userState, CancellationToken cancellationToken)
   at Sdk.WebApi.WebApi.RawHttpClientBase.SendAsync[T](HttpRequestMessage message, Boolean readErrorBody, Object userState, CancellationToken cancellationToken)
   at Sdk.WebApi.WebApi.RawHttpClientBase.SendAsync[T](HttpMethod method, IEnumerable`1 additionalHeaders, Uri requestUri, HttpContent content, IEnumerable`1 queryParameters, Boolean readErrorBody, Object userState, CancellationToken cancellationToken)
   at GitHub.Actions.RunService.WebApi.BrokerHttpClient.GetRunnerMessageAsync(Nullable`1 sessionId, String runnerVersion, Nullable`1 status, String os, String architecture, Nullable`1 disableUpdate, CancellationToken cancellationToken)
   at GitHub.Runner.Common.BrokerServer.<>c__DisplayClass7_0.<<GetRunnerMessageAsync>b__0>d.MoveNext()
--- End of stack trace from previous location ---
   at GitHub.Runner.Common.RunnerService.RetryRequest[T](Func`1 func, CancellationToken cancellationToken, Int32 maxAttempts, Func`2 shouldRetry)
[2026-08-17 16:16:53Z ERR  BrokerServer] #####################################################
[2026-08-17 16:16:53Z ERR  BrokerServer] System.Threading.Tasks.TaskCanceledException: The operation was canceled.
 ---> System.IO.IOException: Unable to read data from the transport connection: The I/O operation has been aborted because of either a thread exit or an application request..
 ---> System.Net.Sockets.SocketException (995): The I/O operation has been aborted because of either a thread exit or an application request.
   --- End of inner exception stack trace ---
   at System.Net.Sockets.Socket.AwaitableSocketAsyncEventArgs.ThrowException(SocketError error, CancellationToken cancellationToken)
   at System.Net.Sockets.Socket.AwaitableSocketAsyncEventArgs.System.Threading.Tasks.Sources.IValueTaskSource<System.Int32>.GetResult(Int16 token)
   at System.Net.Security.SslStream.EnsureFullTlsFrameAsync[TIOAdapter](CancellationToken cancellationToken, Int32 estimatedSize)
   at System.Runtime.CompilerServices.PoolingAsyncValueTaskMethodBuilder`1.StateMachineBox`1.System.Threading.Tasks.Sources.IValueTaskSource<TResult>.GetResult(Int16 token)
   at System.Net.Security.SslStream.ReadAsyncInternal[TIOAdapter](Memory`1 buffer, CancellationToken cancellationToken)
   at System.Runtime.CompilerServices.PoolingAsyncValueTaskMethodBuilder`1.StateMachineBox`1.System.Threading.Tasks.Sources.IValueTaskSource<TResult>.GetResult(Int16 token)
   at System.Net.Http.HttpConnection.SendAsync(HttpRequestMessage request, Boolean async, CancellationToken cancellationToken)
   --- End of inner exception stack trace ---
   at System.Net.Http.HttpConnection.SendAsync(HttpRequestMessage request, Boolean async, CancellationToken cancellationToken)
   at System.Net.Http.AuthenticationHelper.SendWithNtAuthAsync(HttpRequestMessage request, Uri authUri, Boolean async, ICredentials credentials, Boolean isProxyAuth, HttpConnection connection, HttpConnectionPool connectionPool, CancellationToken cancellationToken)
   at System.Net.Http.HttpConnectionPool.SendWithVersionDetectionAndRetryAsync(HttpRequestMessage request, Boolean async, Boolean doRequestAuth, CancellationToken cancellationToken)
   at System.Net.Http.AuthenticationHelper.SendWithAuthAsync(HttpRequestMessage request, Uri authUri, Boolean async, ICredentials credentials, Boolean preAuthenticate, Boolean isProxyAuth, Boolean doRequestAuth, HttpConnectionPool pool, CancellationToken cancellationToken)
   at System.Net.Http.RedirectHandler.SendAsync(HttpRequestMessage request, Boolean async, CancellationToken cancellationToken)
   at GitHub.Services.Common.RawHttpMessageHandler.SendAsync(HttpRequestMessage request, CancellationToken cancellationToken)
   at GitHub.Services.Common.VssHttpRetryMessageHandler.SendAsync(HttpRequestMessage request, CancellationToken cancellationToken)
   at System.Net.Http.HttpClient.<SendAsync>g__Core|83_0(HttpRequestMessage request, HttpCompletionOption completionOption, CancellationTokenSource cts, Boolean disposeCts, CancellationTokenSource pendingRequestsCts, CancellationToken originalCancellationToken)
[2026-08-17 16:16:53Z ERR  BrokerServer] #####################################################
[2026-08-17 16:16:53Z ERR  BrokerServer] System.IO.IOException: Unable to read data from the transport connection: The I/O operation has been aborted because of either a thread exit or an application request..
 ---> System.Net.Sockets.SocketException (995): The I/O operation has been aborted because of either a thread exit or an application request.
   --- End of inner exception stack trace ---
   at System.Net.Sockets.Socket.AwaitableSocketAsyncEventArgs.ThrowException(SocketError error, CancellationToken cancellationToken)
   at System.Net.Sockets.Socket.AwaitableSocketAsyncEventArgs.System.Threading.Tasks.Sources.IValueTaskSource<System.Int32>.GetResult(Int16 token)
   at System.Net.Security.SslStream.EnsureFullTlsFrameAsync[TIOAdapter](CancellationToken cancellationToken, Int32 estimatedSize)
   at System.Runtime.CompilerServices.PoolingAsyncValueTaskMethodBuilder`1.StateMachineBox`1.System.Threading.Tasks.Sources.IValueTaskSource<TResult>.GetResult(Int16 token)
   at System.Net.Security.SslStream.ReadAsyncInternal[TIOAdapter](Memory`1 buffer, CancellationToken cancellationToken)
   at System.Runtime.CompilerServices.PoolingAsyncValueTaskMethodBuilder`1.StateMachineBox`1.System.Threading.Tasks.Sources.IValueTaskSource<TResult>.GetResult(Int16 token)
   at System.Net.Http.HttpConnection.SendAsync(HttpRequestMessage request, Boolean async, CancellationToken cancellationToken)
[2026-08-17 16:16:53Z ERR  BrokerServer] #####################################################
[2026-08-17 16:16:53Z ERR  BrokerServer] System.Net.Sockets.SocketException (995): The I/O operation has been aborted because of either a thread exit or an application request.
[2026-08-17 16:16:53Z WARN BrokerServer] Back off 13.994 seconds before next retry. 4 attempt left.
[2026-08-17 16:16:53Z INFO BrokerMessageListener] Get messages has been cancelled using local token source. Continue to get messages with new status.
[2026-08-17 16:23:38Z INFO RSAEncryptedFileKeyManager] Loading RSA key parameters from file C:\Users\PankajKumarRoy\Desktop\Univercity-main\actions-runner\.credentials_rsaparams
[2026-08-17 16:23:39Z INFO GitHubActionsService] AAD Correlation ID for this token request: Unknown
[2026-08-17 17:13:59Z INFO RSAEncryptedFileKeyManager] Loading RSA key parameters from file C:\Users\PankajKumarRoy\Desktop\Univercity-main\actions-runner\.credentials_rsaparams
[2026-08-17 17:14:00Z INFO GitHubActionsService] AAD Correlation ID for this token request: Unknown
[2026-08-17 18:04:19Z INFO RSAEncryptedFileKeyManager] Loading RSA key parameters from file C:\Users\PankajKumarRoy\Desktop\Univercity-main\actions-runner\.credentials_rsaparams
[2026-08-17 18:04:21Z INFO GitHubActionsService] AAD Correlation ID for this token request: Unknown
[2026-08-17 18:54:41Z INFO RSAEncryptedFileKeyManager] Loading RSA key parameters from file C:\Users\PankajKumarRoy\Desktop\Univercity-main\actions-runner\.credentials_rsaparams
[2026-08-17 18:54:42Z INFO GitHubActionsService] AAD Correlation ID for this token request: Unknown
[2026-08-17 18:55:55Z INFO BrokerMessageListener] Acknowledging runner request 'fd8ce345-26ef-5288-b58f-bd2a2979bf28'.
[2026-08-17 18:55:56Z INFO ConfigurationStore] HasCredentials()
[2026-08-17 18:55:56Z INFO ConfigurationStore] stored True
[2026-08-17 18:55:56Z INFO CredentialManager] GetCredentialProvider
[2026-08-17 18:55:56Z INFO CredentialManager] Creating type OAuth
[2026-08-17 18:55:56Z INFO CredentialManager] Creating credential type: OAuth
[2026-08-17 18:55:56Z INFO RSAEncryptedFileKeyManager] Loading RSA key parameters from file C:\Users\PankajKumarRoy\Desktop\Univercity-main\actions-runner\.credentials_rsaparams
[2026-08-17 18:55:56Z INFO RSAEncryptedFileKeyManager] Loading RSA key parameters from file C:\Users\PankajKumarRoy\Desktop\Univercity-main\actions-runner\.credentials_rsaparams
[2026-08-17 18:55:56Z INFO RSAEncryptedFileKeyManager] Loading RSA key parameters from file C:\Users\PankajKumarRoy\Desktop\Univercity-main\actions-runner\.credentials_rsaparams
[2026-08-17 18:55:57Z INFO GitHubActionsService] AAD Correlation ID for this token request: Unknown
[2026-08-17 18:55:59Z INFO JobDispatcher] Job request 0 for plan 83660d19-636f-4305-ad98-3ebe1ce438bb job fd8ce345-26ef-5288-b58f-bd2a2979bf28 received.
[2026-08-17 18:55:59Z INFO JobDispatcher] Pull OrchestrationId 83660d19-636f-4305-ad98-3ebe1ce438bb.deploy.__default from JWT claims
[2026-08-17 18:55:59Z INFO BrokerMessageListener] Received job status event. JobState: Busy
[2026-08-17 18:55:59Z INFO BrokerMessageListener] _getMessagesTokenSource is already disposed.
[2026-08-17 18:55:59Z INFO JobDispatcher] Job request 5e78306a-e355-5fa0-99d9-46535d05c70b processed succeed.
[2026-08-17 18:55:59Z INFO Terminal] WRITE LINE: 2026-08-17 18:55:59Z: Running job: deploy
[2026-08-17 18:55:59Z INFO JobDispatcher] Start renew job request 0 for job fd8ce345-26ef-5288-b58f-bd2a2979bf28.
[2026-08-17 18:56:00Z INFO JobDispatcher] Successfully renew job fd8ce345-26ef-5288-b58f-bd2a2979bf28, job is valid till 8/17/2026 7:06:01 PM
[2026-08-17 18:56:00Z INFO HostContext] Well known directory 'Bin': 'C:\Users\PankajKumarRoy\Desktop\Univercity-main\actions-runner\bin'
[2026-08-17 18:56:00Z INFO ProcessInvokerWrapper] Starting process:
[2026-08-17 18:56:00Z INFO ProcessInvokerWrapper]   File name: 'C:\Users\PankajKumarRoy\Desktop\Univercity-main\actions-runner\bin\Runner.Worker.exe'
[2026-08-17 18:56:00Z INFO ProcessInvokerWrapper]   Arguments: 'spawnclient 2740 2904'
[2026-08-17 18:56:00Z INFO ProcessInvokerWrapper]   Working directory: 'C:\Users\PankajKumarRoy\Desktop\Univercity-main\actions-runner\bin'
[2026-08-17 18:56:00Z INFO ProcessInvokerWrapper]   Require exit code zero: 'False'
[2026-08-17 18:56:00Z INFO ProcessInvokerWrapper]   Encoding web name:  ; code page: ''
[2026-08-17 18:56:00Z INFO ProcessInvokerWrapper]   Force kill process on cancellation: 'True'
[2026-08-17 18:56:00Z INFO ProcessInvokerWrapper]   Redirected STDIN: 'False'
[2026-08-17 18:56:00Z INFO ProcessInvokerWrapper]   Persist current code page: 'False'
[2026-08-17 18:56:00Z INFO ProcessInvokerWrapper]   Keep redirected STDIN open: 'False'
[2026-08-17 18:56:00Z INFO ProcessInvokerWrapper]   High priority process: 'True'
[2026-08-17 18:56:00Z INFO ProcessInvokerWrapper] Process started with process id 29888, waiting for process exit.
[2026-08-17 18:56:00Z INFO JobDispatcher] Send job request message to worker for job fd8ce345-26ef-5288-b58f-bd2a2979bf28.
[2026-08-17 18:56:00Z INFO ProcessChannel] Sending message of length 23400, with hash '41af9ae451fd9661aa1d37f6cd51b650485565f25b7faed0f898b2b2857f2539'
[2026-08-17 18:56:01Z INFO JobNotification] Entering JobStarted Notification
[2026-08-17 18:56:01Z INFO JobNotification] Entering StartMonitor
[2026-08-17 18:56:38Z INFO ProcessInvokerWrapper] STDOUT/STDERR stream read finished.
[2026-08-17 18:56:38Z INFO ProcessInvokerWrapper] STDOUT/STDERR stream read finished.
[2026-08-17 18:56:38Z INFO ProcessInvokerWrapper] Finished process 29888 with exit code 100, and elapsed time 00:00:37.9283692.
[2026-08-17 18:56:38Z INFO JobDispatcher] Worker finished for job fd8ce345-26ef-5288-b58f-bd2a2979bf28. Code: 100
[2026-08-17 18:56:38Z INFO JobDispatcher] finish job request for job fd8ce345-26ef-5288-b58f-bd2a2979bf28 with result: Succeeded
[2026-08-17 18:56:38Z INFO Terminal] WRITE LINE: 2026-08-17 18:56:38Z: Job deploy completed with result: Succeeded
[2026-08-17 18:56:38Z INFO JobDispatcher] Stop renew job request for job fd8ce345-26ef-5288-b58f-bd2a2979bf28.
[2026-08-17 18:56:38Z INFO JobDispatcher] job renew has been cancelled, stop renew job fd8ce345-26ef-5288-b58f-bd2a2979bf28.
[2026-08-17 18:56:38Z INFO JobNotification] Entering JobCompleted Notification
[2026-08-17 18:56:38Z INFO JobNotification] Entering EndMonitor
[2026-08-17 18:56:38Z INFO BrokerMessageListener] Received job status event. JobState: Online
[2026-08-17 18:56:38Z WARN GitHubActionsService] GET request to https://broker.actions.githubusercontent.com/message?sessionId=267bb40b-74b8-494d-8913-0b9682c2634c&status=Busy&runnerVersion=2.336.0&os=Windows&architecture=X64&disableUpdate=false has been cancelled.
[2026-08-17 18:56:38Z ERR  BrokerServer] Catch exception during request
[2026-08-17 18:56:38Z ERR  BrokerServer] System.Threading.Tasks.TaskCanceledException: The operation was canceled.
 ---> System.Threading.Tasks.TaskCanceledException: The operation was canceled.
 ---> System.IO.IOException: Unable to read data from the transport connection: The I/O operation has been aborted because of either a thread exit or an application request..
 ---> System.Net.Sockets.SocketException (995): The I/O operation has been aborted because of either a thread exit or an application request.
   --- End of inner exception stack trace ---
   at System.Net.Sockets.Socket.AwaitableSocketAsyncEventArgs.ThrowException(SocketError error, CancellationToken cancellationToken)
   at System.Net.Sockets.Socket.AwaitableSocketAsyncEventArgs.System.Threading.Tasks.Sources.IValueTaskSource<System.Int32>.GetResult(Int16 token)
   at System.Net.Security.SslStream.EnsureFullTlsFrameAsync[TIOAdapter](CancellationToken cancellationToken, Int32 estimatedSize)
   at System.Runtime.CompilerServices.PoolingAsyncValueTaskMethodBuilder`1.StateMachineBox`1.System.Threading.Tasks.Sources.IValueTaskSource<TResult>.GetResult(Int16 token)
   at System.Net.Security.SslStream.ReadAsyncInternal[TIOAdapter](Memory`1 buffer, CancellationToken cancellationToken)
   at System.Runtime.CompilerServices.PoolingAsyncValueTaskMethodBuilder`1.StateMachineBox`1.System.Threading.Tasks.Sources.IValueTaskSource<TResult>.GetResult(Int16 token)
   at System.Net.Http.HttpConnection.<EnsureReadAheadTaskHasStarted>g__ReadAheadWithZeroByteReadAsync|40_0()
   at System.Net.Http.HttpConnection.SendAsync(HttpRequestMessage request, Boolean async, CancellationToken cancellationToken)
   --- End of inner exception stack trace ---
   at System.Net.Http.HttpConnection.SendAsync(HttpRequestMessage request, Boolean async, CancellationToken cancellationToken)
   at System.Net.Http.AuthenticationHelper.SendWithNtAuthAsync(HttpRequestMessage request, Uri authUri, Boolean async, ICredentials credentials, Boolean isProxyAuth, HttpConnection connection, HttpConnectionPool connectionPool, CancellationToken cancellationToken)
   at System.Net.Http.HttpConnectionPool.SendWithVersionDetectionAndRetryAsync(HttpRequestMessage request, Boolean async, Boolean doRequestAuth, CancellationToken cancellationToken)
   at System.Net.Http.AuthenticationHelper.SendWithAuthAsync(HttpRequestMessage request, Uri authUri, Boolean async, ICredentials credentials, Boolean preAuthenticate, Boolean isProxyAuth, Boolean doRequestAuth, HttpConnectionPool pool, CancellationToken cancellationToken)
   at System.Net.Http.RedirectHandler.SendAsync(HttpRequestMessage request, Boolean async, CancellationToken cancellationToken)
   at GitHub.Services.Common.RawHttpMessageHandler.SendAsync(HttpRequestMessage request, CancellationToken cancellationToken)
   at GitHub.Services.Common.VssHttpRetryMessageHandler.SendAsync(HttpRequestMessage request, CancellationToken cancellationToken)
   at System.Net.Http.HttpClient.<SendAsync>g__Core|83_0(HttpRequestMessage request, HttpCompletionOption completionOption, CancellationTokenSource cts, Boolean disposeCts, CancellationTokenSource pendingRequestsCts, CancellationToken originalCancellationToken)
   --- End of inner exception stack trace ---
   at System.Net.Http.HttpClient.HandleFailure(Exception e, Boolean telemetryStarted, HttpResponseMessage response, CancellationTokenSource cts, CancellationToken cancellationToken, CancellationTokenSource pendingRequestsCts)
   at System.Net.Http.HttpClient.<SendAsync>g__Core|83_0(HttpRequestMessage request, HttpCompletionOption completionOption, CancellationTokenSource cts, Boolean disposeCts, CancellationTokenSource pendingRequestsCts, CancellationToken originalCancellationToken)
   at Sdk.WebApi.WebApi.RawHttpClientBase.SendAsync(HttpRequestMessage message, HttpCompletionOption completionOption, Object userState, CancellationToken cancellationToken)
   at Sdk.WebApi.WebApi.RawHttpClientBase.SendAsync[T](HttpRequestMessage message, Boolean readErrorBody, Object userState, CancellationToken cancellationToken)
   at Sdk.WebApi.WebApi.RawHttpClientBase.SendAsync[T](HttpMethod method, IEnumerable`1 additionalHeaders, Uri requestUri, HttpContent content, IEnumerable`1 queryParameters, Boolean readErrorBody, Object userState, CancellationToken cancellationToken)
   at GitHub.Actions.RunService.WebApi.BrokerHttpClient.GetRunnerMessageAsync(Nullable`1 sessionId, String runnerVersion, Nullable`1 status, String os, String architecture, Nullable`1 disableUpdate, CancellationToken cancellationToken)
   at GitHub.Runner.Common.BrokerServer.<>c__DisplayClass7_0.<<GetRunnerMessageAsync>b__0>d.MoveNext()
--- End of stack trace from previous location ---
   at GitHub.Runner.Common.RunnerService.RetryRequest[T](Func`1 func, CancellationToken cancellationToken, Int32 maxAttempts, Func`2 shouldRetry)
[2026-08-17 18:56:38Z ERR  BrokerServer] #####################################################
[2026-08-17 18:56:38Z ERR  BrokerServer] System.Threading.Tasks.TaskCanceledException: The operation was canceled.
 ---> System.IO.IOException: Unable to read data from the transport connection: The I/O operation has been aborted because of either a thread exit or an application request..
 ---> System.Net.Sockets.SocketException (995): The I/O operation has been aborted because of either a thread exit or an application request.
   --- End of inner exception stack trace ---
   at System.Net.Sockets.Socket.AwaitableSocketAsyncEventArgs.ThrowException(SocketError error, CancellationToken cancellationToken)
   at System.Net.Sockets.Socket.AwaitableSocketAsyncEventArgs.System.Threading.Tasks.Sources.IValueTaskSource<System.Int32>.GetResult(Int16 token)
   at System.Net.Security.SslStream.EnsureFullTlsFrameAsync[TIOAdapter](CancellationToken cancellationToken, Int32 estimatedSize)
   at System.Runtime.CompilerServices.PoolingAsyncValueTaskMethodBuilder`1.StateMachineBox`1.System.Threading.Tasks.Sources.IValueTaskSource<TResult>.GetResult(Int16 token)
   at System.Net.Security.SslStream.ReadAsyncInternal[TIOAdapter](Memory`1 buffer, CancellationToken cancellationToken)
   at System.Runtime.CompilerServices.PoolingAsyncValueTaskMethodBuilder`1.StateMachineBox`1.System.Threading.Tasks.Sources.IValueTaskSource<TResult>.GetResult(Int16 token)
   at System.Net.Http.HttpConnection.<EnsureReadAheadTaskHasStarted>g__ReadAheadWithZeroByteReadAsync|40_0()
   at System.Net.Http.HttpConnection.SendAsync(HttpRequestMessage request, Boolean async, CancellationToken cancellationToken)
   --- End of inner exception stack trace ---
   at System.Net.Http.HttpConnection.SendAsync(HttpRequestMessage request, Boolean async, CancellationToken cancellationToken)
   at System.Net.Http.AuthenticationHelper.SendWithNtAuthAsync(HttpRequestMessage request, Uri authUri, Boolean async, ICredentials credentials, Boolean isProxyAuth, HttpConnection connection, HttpConnectionPool connectionPool, CancellationToken cancellationToken)
   at System.Net.Http.HttpConnectionPool.SendWithVersionDetectionAndRetryAsync(HttpRequestMessage request, Boolean async, Boolean doRequestAuth, CancellationToken cancellationToken)
   at System.Net.Http.AuthenticationHelper.SendWithAuthAsync(HttpRequestMessage request, Uri authUri, Boolean async, ICredentials credentials, Boolean preAuthenticate, Boolean isProxyAuth, Boolean doRequestAuth, HttpConnectionPool pool, CancellationToken cancellationToken)
   at System.Net.Http.RedirectHandler.SendAsync(HttpRequestMessage request, Boolean async, CancellationToken cancellationToken)
   at GitHub.Services.Common.RawHttpMessageHandler.SendAsync(HttpRequestMessage request, CancellationToken cancellationToken)
   at GitHub.Services.Common.VssHttpRetryMessageHandler.SendAsync(HttpRequestMessage request, CancellationToken cancellationToken)
   at System.Net.Http.HttpClient.<SendAsync>g__Core|83_0(HttpRequestMessage request, HttpCompletionOption completionOption, CancellationTokenSource cts, Boolean disposeCts, CancellationTokenSource pendingRequestsCts, CancellationToken originalCancellationToken)
[2026-08-17 18:56:38Z ERR  BrokerServer] #####################################################
[2026-08-17 18:56:38Z ERR  BrokerServer] System.IO.IOException: Unable to read data from the transport connection: The I/O operation has been aborted because of either a thread exit or an application request..
 ---> System.Net.Sockets.SocketException (995): The I/O operation has been aborted because of either a thread exit or an application request.
   --- End of inner exception stack trace ---
   at System.Net.Sockets.Socket.AwaitableSocketAsyncEventArgs.ThrowException(SocketError error, CancellationToken cancellationToken)
   at System.Net.Sockets.Socket.AwaitableSocketAsyncEventArgs.System.Threading.Tasks.Sources.IValueTaskSource<System.Int32>.GetResult(Int16 token)
   at System.Net.Security.SslStream.EnsureFullTlsFrameAsync[TIOAdapter](CancellationToken cancellationToken, Int32 estimatedSize)
   at System.Runtime.CompilerServices.PoolingAsyncValueTaskMethodBuilder`1.StateMachineBox`1.System.Threading.Tasks.Sources.IValueTaskSource<TResult>.GetResult(Int16 token)
   at System.Net.Security.SslStream.ReadAsyncInternal[TIOAdapter](Memory`1 buffer, CancellationToken cancellationToken)
   at System.Runtime.CompilerServices.PoolingAsyncValueTaskMethodBuilder`1.StateMachineBox`1.System.Threading.Tasks.Sources.IValueTaskSource<TResult>.GetResult(Int16 token)
   at System.Net.Http.HttpConnection.<EnsureReadAheadTaskHasStarted>g__ReadAheadWithZeroByteReadAsync|40_0()
   at System.Net.Http.HttpConnection.SendAsync(HttpRequestMessage request, Boolean async, CancellationToken cancellationToken)
[2026-08-17 18:56:38Z ERR  BrokerServer] #####################################################
[2026-08-17 18:56:38Z ERR  BrokerServer] System.Net.Sockets.SocketException (995): The I/O operation has been aborted because of either a thread exit or an application request.
[2026-08-17 18:56:38Z WARN BrokerServer] Back off 11.27 seconds before next retry. 4 attempt left.
[2026-08-17 18:56:38Z INFO BrokerMessageListener] Get messages has been cancelled using local token source. Continue to get messages with new status.
[2026-08-17 18:59:23Z INFO BrokerMessageListener] Acknowledging runner request 'd0fbc0c7-1668-52b0-80cf-bc0b53e67154'.
[2026-08-17 18:59:23Z INFO ConfigurationStore] HasCredentials()
[2026-08-17 18:59:23Z INFO ConfigurationStore] stored True
[2026-08-17 18:59:23Z INFO CredentialManager] GetCredentialProvider
[2026-08-17 18:59:23Z INFO CredentialManager] Creating type OAuth
[2026-08-17 18:59:23Z INFO CredentialManager] Creating credential type: OAuth
[2026-08-17 18:59:23Z INFO RSAEncryptedFileKeyManager] Loading RSA key parameters from file C:\Users\PankajKumarRoy\Desktop\Univercity-main\actions-runner\.credentials_rsaparams
[2026-08-17 18:59:23Z INFO RSAEncryptedFileKeyManager] Loading RSA key parameters from file C:\Users\PankajKumarRoy\Desktop\Univercity-main\actions-runner\.credentials_rsaparams
[2026-08-17 18:59:23Z INFO RSAEncryptedFileKeyManager] Loading RSA key parameters from file C:\Users\PankajKumarRoy\Desktop\Univercity-main\actions-runner\.credentials_rsaparams
[2026-08-17 18:59:24Z INFO GitHubActionsService] AAD Correlation ID for this token request: Unknown
[2026-08-17 18:59:26Z INFO JobDispatcher] Job request 0 for plan 56fd6f0b-4cb0-4e10-a0d3-1df450f6e733 job d0fbc0c7-1668-52b0-80cf-bc0b53e67154 received.
[2026-08-17 18:59:26Z INFO JobDispatcher] Pull OrchestrationId 56fd6f0b-4cb0-4e10-a0d3-1df450f6e733.deploy.__default from JWT claims
[2026-08-17 18:59:26Z INFO BrokerMessageListener] Received job status event. JobState: Busy
[2026-08-17 18:59:26Z INFO BrokerMessageListener] _getMessagesTokenSource is already disposed.
[2026-08-17 18:59:26Z INFO JobDispatcher] Job request fd8ce345-26ef-5288-b58f-bd2a2979bf28 processed succeed.
[2026-08-17 18:59:26Z INFO Terminal] WRITE LINE: 2026-08-17 18:59:26Z: Running job: deploy
[2026-08-17 18:59:26Z INFO JobDispatcher] Start renew job request 0 for job d0fbc0c7-1668-52b0-80cf-bc0b53e67154.
[2026-08-17 18:59:26Z INFO JobDispatcher] Successfully renew job d0fbc0c7-1668-52b0-80cf-bc0b53e67154, job is valid till 8/17/2026 7:09:27 PM
[2026-08-17 18:59:26Z INFO HostContext] Well known directory 'Bin': 'C:\Users\PankajKumarRoy\Desktop\Univercity-main\actions-runner\bin'
[2026-08-17 18:59:26Z INFO ProcessInvokerWrapper] Starting process:
[2026-08-17 18:59:26Z INFO ProcessInvokerWrapper]   File name: 'C:\Users\PankajKumarRoy\Desktop\Univercity-main\actions-runner\bin\Runner.Worker.exe'
[2026-08-17 18:59:26Z INFO ProcessInvokerWrapper]   Arguments: 'spawnclient 2888 1380'
[2026-08-17 18:59:26Z INFO ProcessInvokerWrapper]   Working directory: 'C:\Users\PankajKumarRoy\Desktop\Univercity-main\actions-runner\bin'
[2026-08-17 18:59:26Z INFO ProcessInvokerWrapper]   Require exit code zero: 'False'
[2026-08-17 18:59:26Z INFO ProcessInvokerWrapper]   Encoding web name:  ; code page: ''
[2026-08-17 18:59:26Z INFO ProcessInvokerWrapper]   Force kill process on cancellation: 'True'
[2026-08-17 18:59:26Z INFO ProcessInvokerWrapper]   Redirected STDIN: 'False'
[2026-08-17 18:59:26Z INFO ProcessInvokerWrapper]   Persist current code page: 'False'
[2026-08-17 18:59:26Z INFO ProcessInvokerWrapper]   Keep redirected STDIN open: 'False'
[2026-08-17 18:59:26Z INFO ProcessInvokerWrapper]   High priority process: 'True'
[2026-08-17 18:59:26Z INFO ProcessInvokerWrapper] Process started with process id 4176, waiting for process exit.
[2026-08-17 18:59:26Z INFO JobDispatcher] Send job request message to worker for job d0fbc0c7-1668-52b0-80cf-bc0b53e67154.
[2026-08-17 18:59:26Z INFO ProcessChannel] Sending message of length 23634, with hash 'b49b1ada1fad9ff5581d12e43682d147561203d62314bb7bfd5d3ee44b9e4d46'
[2026-08-17 18:59:27Z INFO JobNotification] Entering JobStarted Notification
[2026-08-17 18:59:27Z INFO JobNotification] Entering StartMonitor
[2026-08-17 18:59:58Z INFO ProcessInvokerWrapper] STDOUT/STDERR stream read finished.
[2026-08-17 18:59:58Z INFO ProcessInvokerWrapper] STDOUT/STDERR stream read finished.
[2026-08-17 18:59:58Z INFO ProcessInvokerWrapper] Finished process 4176 with exit code 100, and elapsed time 00:00:31.6207076.
[2026-08-17 18:59:58Z INFO JobDispatcher] Worker finished for job d0fbc0c7-1668-52b0-80cf-bc0b53e67154. Code: 100
[2026-08-17 18:59:58Z INFO JobDispatcher] finish job request for job d0fbc0c7-1668-52b0-80cf-bc0b53e67154 with result: Succeeded
[2026-08-17 18:59:58Z INFO Terminal] WRITE LINE: 2026-08-17 18:59:58Z: Job deploy completed with result: Succeeded
[2026-08-17 18:59:58Z INFO JobDispatcher] Stop renew job request for job d0fbc0c7-1668-52b0-80cf-bc0b53e67154.
[2026-08-17 18:59:58Z INFO JobDispatcher] job renew has been cancelled, stop renew job d0fbc0c7-1668-52b0-80cf-bc0b53e67154.
[2026-08-17 18:59:58Z INFO JobNotification] Entering JobCompleted Notification
[2026-08-17 18:59:58Z INFO JobNotification] Entering EndMonitor
[2026-08-17 18:59:58Z INFO BrokerMessageListener] Received job status event. JobState: Online
[2026-08-17 18:59:58Z WARN GitHubActionsService] GET request to https://broker.actions.githubusercontent.com/message?sessionId=267bb40b-74b8-494d-8913-0b9682c2634c&status=Busy&runnerVersion=2.336.0&os=Windows&architecture=X64&disableUpdate=false has been cancelled.
[2026-08-17 18:59:58Z ERR  BrokerServer] Catch exception during request
[2026-08-17 18:59:58Z ERR  BrokerServer] System.Threading.Tasks.TaskCanceledException: The operation was canceled.
 ---> System.Threading.Tasks.TaskCanceledException: The operation was canceled.
 ---> System.IO.IOException: Unable to read data from the transport connection: The I/O operation has been aborted because of either a thread exit or an application request..
 ---> System.Net.Sockets.SocketException (995): The I/O operation has been aborted because of either a thread exit or an application request.
   --- End of inner exception stack trace ---
   at System.Net.Sockets.Socket.AwaitableSocketAsyncEventArgs.ThrowException(SocketError error, CancellationToken cancellationToken)
   at System.Net.Sockets.Socket.AwaitableSocketAsyncEventArgs.System.Threading.Tasks.Sources.IValueTaskSource<System.Int32>.GetResult(Int16 token)
   at System.Net.Security.SslStream.EnsureFullTlsFrameAsync[TIOAdapter](CancellationToken cancellationToken, Int32 estimatedSize)
   at System.Runtime.CompilerServices.PoolingAsyncValueTaskMethodBuilder`1.StateMachineBox`1.System.Threading.Tasks.Sources.IValueTaskSource<TResult>.GetResult(Int16 token)
   at System.Net.Security.SslStream.ReadAsyncInternal[TIOAdapter](Memory`1 buffer, CancellationToken cancellationToken)
   at System.Runtime.CompilerServices.PoolingAsyncValueTaskMethodBuilder`1.StateMachineBox`1.System.Threading.Tasks.Sources.IValueTaskSource<TResult>.GetResult(Int16 token)
   at System.Net.Http.HttpConnection.SendAsync(HttpRequestMessage request, Boolean async, CancellationToken cancellationToken)
   --- End of inner exception stack trace ---
   at System.Net.Http.HttpConnection.SendAsync(HttpRequestMessage request, Boolean async, CancellationToken cancellationToken)
   at System.Net.Http.AuthenticationHelper.SendWithNtAuthAsync(HttpRequestMessage request, Uri authUri, Boolean async, ICredentials credentials, Boolean isProxyAuth, HttpConnection connection, HttpConnectionPool connectionPool, CancellationToken cancellationToken)
   at System.Net.Http.HttpConnectionPool.SendWithVersionDetectionAndRetryAsync(HttpRequestMessage request, Boolean async, Boolean doRequestAuth, CancellationToken cancellationToken)
   at System.Net.Http.AuthenticationHelper.SendWithAuthAsync(HttpRequestMessage request, Uri authUri, Boolean async, ICredentials credentials, Boolean preAuthenticate, Boolean isProxyAuth, Boolean doRequestAuth, HttpConnectionPool pool, CancellationToken cancellationToken)
   at System.Net.Http.RedirectHandler.SendAsync(HttpRequestMessage request, Boolean async, CancellationToken cancellationToken)
   at GitHub.Services.Common.RawHttpMessageHandler.SendAsync(HttpRequestMessage request, CancellationToken cancellationToken)
   at GitHub.Services.Common.VssHttpRetryMessageHandler.SendAsync(HttpRequestMessage request, CancellationToken cancellationToken)
   at System.Net.Http.HttpClient.<SendAsync>g__Core|83_0(HttpRequestMessage request, HttpCompletionOption completionOption, CancellationTokenSource cts, Boolean disposeCts, CancellationTokenSource pendingRequestsCts, CancellationToken originalCancellationToken)
   --- End of inner exception stack trace ---
   at System.Net.Http.HttpClient.HandleFailure(Exception e, Boolean telemetryStarted, HttpResponseMessage response, CancellationTokenSource cts, CancellationToken cancellationToken, CancellationTokenSource pendingRequestsCts)
   at System.Net.Http.HttpClient.<SendAsync>g__Core|83_0(HttpRequestMessage request, HttpCompletionOption completionOption, CancellationTokenSource cts, Boolean disposeCts, CancellationTokenSource pendingRequestsCts, CancellationToken originalCancellationToken)
   at Sdk.WebApi.WebApi.RawHttpClientBase.SendAsync(HttpRequestMessage message, HttpCompletionOption completionOption, Object userState, CancellationToken cancellationToken)
   at Sdk.WebApi.WebApi.RawHttpClientBase.SendAsync[T](HttpRequestMessage message, Boolean readErrorBody, Object userState, CancellationToken cancellationToken)
   at Sdk.WebApi.WebApi.RawHttpClientBase.SendAsync[T](HttpMethod method, IEnumerable`1 additionalHeaders, Uri requestUri, HttpContent content, IEnumerable`1 queryParameters, Boolean readErrorBody, Object userState, CancellationToken cancellationToken)
   at GitHub.Actions.RunService.WebApi.BrokerHttpClient.GetRunnerMessageAsync(Nullable`1 sessionId, String runnerVersion, Nullable`1 status, String os, String architecture, Nullable`1 disableUpdate, CancellationToken cancellationToken)
   at GitHub.Runner.Common.BrokerServer.<>c__DisplayClass7_0.<<GetRunnerMessageAsync>b__0>d.MoveNext()
--- End of stack trace from previous location ---
   at GitHub.Runner.Common.RunnerService.RetryRequest[T](Func`1 func, CancellationToken cancellationToken, Int32 maxAttempts, Func`2 shouldRetry)
[2026-08-17 18:59:58Z ERR  BrokerServer] #####################################################
[2026-08-17 18:59:58Z ERR  BrokerServer] System.Threading.Tasks.TaskCanceledException: The operation was canceled.
 ---> System.IO.IOException: Unable to read data from the transport connection: The I/O operation has been aborted because of either a thread exit or an application request..
 ---> System.Net.Sockets.SocketException (995): The I/O operation has been aborted because of either a thread exit or an application request.
   --- End of inner exception stack trace ---
   at System.Net.Sockets.Socket.AwaitableSocketAsyncEventArgs.ThrowException(SocketError error, CancellationToken cancellationToken)
   at System.Net.Sockets.Socket.AwaitableSocketAsyncEventArgs.System.Threading.Tasks.Sources.IValueTaskSource<System.Int32>.GetResult(Int16 token)
   at System.Net.Security.SslStream.EnsureFullTlsFrameAsync[TIOAdapter](CancellationToken cancellationToken, Int32 estimatedSize)
   at System.Runtime.CompilerServices.PoolingAsyncValueTaskMethodBuilder`1.StateMachineBox`1.System.Threading.Tasks.Sources.IValueTaskSource<TResult>.GetResult(Int16 token)
   at System.Net.Security.SslStream.ReadAsyncInternal[TIOAdapter](Memory`1 buffer, CancellationToken cancellationToken)
   at System.Runtime.CompilerServices.PoolingAsyncValueTaskMethodBuilder`1.StateMachineBox`1.System.Threading.Tasks.Sources.IValueTaskSource<TResult>.GetResult(Int16 token)
   at System.Net.Http.HttpConnection.SendAsync(HttpRequestMessage request, Boolean async, CancellationToken cancellationToken)
   --- End of inner exception stack trace ---
   at System.Net.Http.HttpConnection.SendAsync(HttpRequestMessage request, Boolean async, CancellationToken cancellationToken)
   at System.Net.Http.AuthenticationHelper.SendWithNtAuthAsync(HttpRequestMessage request, Uri authUri, Boolean async, ICredentials credentials, Boolean isProxyAuth, HttpConnection connection, HttpConnectionPool connectionPool, CancellationToken cancellationToken)
   at System.Net.Http.HttpConnectionPool.SendWithVersionDetectionAndRetryAsync(HttpRequestMessage request, Boolean async, Boolean doRequestAuth, CancellationToken cancellationToken)
   at System.Net.Http.AuthenticationHelper.SendWithAuthAsync(HttpRequestMessage request, Uri authUri, Boolean async, ICredentials credentials, Boolean preAuthenticate, Boolean isProxyAuth, Boolean doRequestAuth, HttpConnectionPool pool, CancellationToken cancellationToken)
   at System.Net.Http.RedirectHandler.SendAsync(HttpRequestMessage request, Boolean async, CancellationToken cancellationToken)
   at GitHub.Services.Common.RawHttpMessageHandler.SendAsync(HttpRequestMessage request, CancellationToken cancellationToken)
   at GitHub.Services.Common.VssHttpRetryMessageHandler.SendAsync(HttpRequestMessage request, CancellationToken cancellationToken)
   at System.Net.Http.HttpClient.<SendAsync>g__Core|83_0(HttpRequestMessage request, HttpCompletionOption completionOption, CancellationTokenSource cts, Boolean disposeCts, CancellationTokenSource pendingRequestsCts, CancellationToken originalCancellationToken)
[2026-08-17 18:59:58Z ERR  BrokerServer] #####################################################
[2026-08-17 18:59:58Z ERR  BrokerServer] System.IO.IOException: Unable to read data from the transport connection: The I/O operation has been aborted because of either a thread exit or an application request..
 ---> System.Net.Sockets.SocketException (995): The I/O operation has been aborted because of either a thread exit or an application request.
   --- End of inner exception stack trace ---
   at System.Net.Sockets.Socket.AwaitableSocketAsyncEventArgs.ThrowException(SocketError error, CancellationToken cancellationToken)
   at System.Net.Sockets.Socket.AwaitableSocketAsyncEventArgs.System.Threading.Tasks.Sources.IValueTaskSource<System.Int32>.GetResult(Int16 token)
   at System.Net.Security.SslStream.EnsureFullTlsFrameAsync[TIOAdapter](CancellationToken cancellationToken, Int32 estimatedSize)
   at System.Runtime.CompilerServices.PoolingAsyncValueTaskMethodBuilder`1.StateMachineBox`1.System.Threading.Tasks.Sources.IValueTaskSource<TResult>.GetResult(Int16 token)
   at System.Net.Security.SslStream.ReadAsyncInternal[TIOAdapter](Memory`1 buffer, CancellationToken cancellationToken)
   at System.Runtime.CompilerServices.PoolingAsyncValueTaskMethodBuilder`1.StateMachineBox`1.System.Threading.Tasks.Sources.IValueTaskSource<TResult>.GetResult(Int16 token)
   at System.Net.Http.HttpConnection.SendAsync(HttpRequestMessage request, Boolean async, CancellationToken cancellationToken)
[2026-08-17 18:59:58Z ERR  BrokerServer] #####################################################
[2026-08-17 18:59:58Z ERR  BrokerServer] System.Net.Sockets.SocketException (995): The I/O operation has been aborted because of either a thread exit or an application request.
[2026-08-17 18:59:58Z WARN BrokerServer] Back off 5.204 seconds before next retry. 4 attempt left.
[2026-08-17 18:59:58Z INFO BrokerMessageListener] Get messages has been cancelled using local token source. Continue to get messages with new status.
[2026-08-17 19:45:16Z INFO RSAEncryptedFileKeyManager] Loading RSA key parameters from file C:\Users\PankajKumarRoy\Desktop\Univercity-main\actions-runner\.credentials_rsaparams
[2026-08-17 19:45:17Z INFO GitHubActionsService] AAD Correlation ID for this token request: Unknown
[2026-08-17 20:35:36Z INFO RSAEncryptedFileKeyManager] Loading RSA key parameters from file C:\Users\PankajKumarRoy\Desktop\Univercity-main\actions-runner\.credentials_rsaparams
[2026-08-17 20:35:37Z INFO GitHubActionsService] AAD Correlation ID for this token request: Unknown
[2026-08-17 21:25:57Z INFO RSAEncryptedFileKeyManager] Loading RSA key parameters from file C:\Users\PankajKumarRoy\Desktop\Univercity-main\actions-runner\.credentials_rsaparams
[2026-08-17 21:25:58Z INFO GitHubActionsService] AAD Correlation ID for this token request: Unknown
[2026-08-17 22:16:17Z INFO RSAEncryptedFileKeyManager] Loading RSA key parameters from file C:\Users\PankajKumarRoy\Desktop\Univercity-main\actions-runner\.credentials_rsaparams
[2026-08-17 22:16:18Z INFO GitHubActionsService] AAD Correlation ID for this token request: Unknown
[2026-08-17 22:38:43Z INFO Runner] Received RunnerRefreshConfigMessage for 'runner' config file
[2026-08-17 22:38:44Z INFO RunnerConfigUpdater] Verifying runner qualified id: U_kgDOB4SfVA/R_kgDOSxmqXA/self-hosted/2
[2026-08-17 22:38:44Z INFO HostContext] Well known directory 'Bin': 'C:\Users\PankajKumarRoy\Desktop\Univercity-main\actions-runner\bin'
[2026-08-17 22:38:44Z INFO HostContext] Well known directory 'Root': 'C:\Users\PankajKumarRoy\Desktop\Univercity-main\actions-runner'
[2026-08-17 22:38:44Z INFO HostContext] Well known config file 'Runner': 'C:\Users\PankajKumarRoy\Desktop\Univercity-main\actions-runner\.runner'
[2026-08-17 22:38:46Z INFO RSAEncryptedFileKeyManager] Loading RSA key parameters from file C:\Users\PankajKumarRoy\Desktop\Univercity-main\actions-runner\.credentials_rsaparams
[2026-08-17 22:38:46Z INFO RSAEncryptedFileKeyManager] Loading RSA key parameters from file C:\Users\PankajKumarRoy\Desktop\Univercity-main\actions-runner\.credentials_rsaparams
[2026-08-17 22:38:47Z INFO GitHubActionsService] AAD Correlation ID for this token request: Unknown
[2026-08-17 22:38:48Z INFO ConfigurationStore] Saving runner migrated settings
[2026-08-17 22:38:48Z INFO ConfigurationStore] Migrated Settings Saved.
[2026-08-17 22:38:48Z INFO Runner] Runner configuration was updated. Session restart has been scheduled
[2026-08-17 22:38:48Z INFO Runner] Pending session restart detected and job dispatcher is not busy. Restarting session now.
[2026-08-17 22:38:48Z INFO JobDispatcher] Shutting down JobDispatcher. Make sure all WorkerDispatcher has finished.
[2026-08-17 22:38:48Z INFO JobDispatcher] Ensure WorkerDispatcher for job d0fbc0c7-1668-52b0-80cf-bc0b53e67154 run to finish, cancel any running job.
[2026-08-17 22:38:48Z INFO JobDispatcher] Job request d0fbc0c7-1668-52b0-80cf-bc0b53e67154 processed succeed.
[2026-08-17 22:38:48Z INFO Runner] Deleting Runner Session...
[2026-08-17 22:38:49Z INFO Runner] Restarting runner session after config update...
[2026-08-17 22:38:49Z INFO Runner] Runner configuration was refreshed, restarting session...
[2026-08-17 22:38:49Z INFO ConfigurationManager] LoadSettings
[2026-08-17 22:38:49Z INFO ConfigurationStore] IsConfigured()
[2026-08-17 22:38:49Z INFO ConfigurationStore] IsConfigured: True
[2026-08-17 22:38:49Z INFO ConfigurationManager] Is configured: True
[2026-08-17 22:38:49Z INFO ConfigurationManager] Settings Loaded
[2026-08-17 22:38:49Z INFO Runner] RunAsync
[2026-08-17 22:38:49Z INFO HostContext] Well known directory 'Bin': 'C:\Users\PankajKumarRoy\Desktop\Univercity-main\actions-runner\bin'
[2026-08-17 22:38:49Z INFO HostContext] Well known directory 'Root': 'C:\Users\PankajKumarRoy\Desktop\Univercity-main\actions-runner'
[2026-08-17 22:38:49Z INFO HostContext] Well known directory 'Work': 'C:\Users\PankajKumarRoy\Desktop\Univercity-main\actions-runner\_work'
[2026-08-17 22:38:49Z INFO Runner] Validating directory permissions for: 'C:\Users\PankajKumarRoy\Desktop\Univercity-main\actions-runner\_work'
[2026-08-17 22:38:49Z INFO ConfigurationManager] LoadMigratedSettings
[2026-08-17 22:38:49Z INFO ConfigurationStore] IsMigratedConfigured()
[2026-08-17 22:38:49Z INFO ConfigurationStore] IsMigratedConfigured: True
[2026-08-17 22:38:49Z INFO ConfigurationStore] Read migrated setting file: 399 chars
[2026-08-17 22:38:49Z INFO ConfigurationManager] Migrated Settings Loaded
[2026-08-17 22:38:49Z INFO Runner] Loaded migrated settings from .runner_migrated file
[2026-08-17 22:38:49Z INFO Runner] {
  "AgentId": 2,
  "AgentName": "EAZE-IT-JAPAN",
  "PoolId": 1,
  "PoolName": "Default",
  "ServerUrl": "https://pipelinesghubeus24.actions.githubusercontent.com/bxDI1ewPLVMP7Hl1xK7DNRt8OjkmBKnvBFANzTtn7hqumVRTLO/",
  "GitHubUrl": "https://github.com/Ponkoog-roy/Univercity",
  "WorkFolder": "_work",
  "UseV2Flow": true,
  "ServerUrlV2": "https://broker.actions.githubusercontent.com/"
}
[2026-08-17 22:38:49Z INFO Runner] Attempting to create session using migrated settings
[2026-08-17 22:38:49Z INFO Runner] Using BrokerMessageListener
[2026-08-17 22:38:49Z INFO BrokerMessageListener] Using provided settings
[2026-08-17 22:38:49Z INFO BrokerMessageListener] Using migrated settings from .runner_migrated
[2026-08-17 22:38:49Z INFO BrokerMessageListener] {
  "AgentId": 2,
  "AgentName": "EAZE-IT-JAPAN",
  "PoolId": 1,
  "PoolName": "Default",
  "ServerUrl": "https://pipelinesghubeus24.actions.githubusercontent.com/bxDI1ewPLVMP7Hl1xK7DNRt8OjkmBKnvBFANzTtn7hqumVRTLO/",
  "GitHubUrl": "https://github.com/Ponkoog-roy/Univercity",
  "WorkFolder": "_work",
  "UseV2Flow": true,
  "ServerUrlV2": "https://broker.actions.githubusercontent.com/"
}
[2026-08-17 22:38:49Z INFO BrokerMessageListener] Loading Credentials
[2026-08-17 22:38:49Z INFO ConfigurationStore] HasCredentials()
[2026-08-17 22:38:49Z INFO ConfigurationStore] stored True
[2026-08-17 22:38:49Z INFO CredentialManager] GetCredentialProvider
[2026-08-17 22:38:49Z INFO CredentialManager] Creating type OAuth
[2026-08-17 22:38:49Z INFO CredentialManager] Creating credential type: OAuth
[2026-08-17 22:38:49Z INFO RSAEncryptedFileKeyManager] Loading RSA key parameters from file C:\Users\PankajKumarRoy\Desktop\Univercity-main\actions-runner\.credentials_rsaparams
[2026-08-17 22:38:49Z INFO BrokerMessageListener] Attempt to create session.
[2026-08-17 22:38:49Z INFO BrokerMessageListener] Connecting to the Broker Server...
[2026-08-17 22:38:49Z INFO ConfigurationStore] HasCredentials()
[2026-08-17 22:38:49Z INFO ConfigurationStore] stored True
[2026-08-17 22:38:49Z INFO CredentialManager] GetCredentialProvider
[2026-08-17 22:38:49Z INFO CredentialManager] Creating type OAuth
[2026-08-17 22:38:49Z INFO CredentialManager] Creating credential type: OAuth
[2026-08-17 22:38:49Z INFO RSAEncryptedFileKeyManager] Loading RSA key parameters from file C:\Users\PankajKumarRoy\Desktop\Univercity-main\actions-runner\.credentials_rsaparams
[2026-08-17 22:38:49Z INFO BrokerMessageListener] VssConnection created
[2026-08-17 22:38:49Z INFO BrokerMessageListener] Connecting to the Runner server...
[2026-08-17 22:38:49Z INFO RunnerServer] EstablishVssConnection
[2026-08-17 22:38:49Z INFO RunnerServer] Establish connection with 100 seconds timeout.
[2026-08-17 22:38:49Z INFO GitHubActionsService] Starting operation Location.GetConnectionData
[2026-08-17 22:38:49Z INFO RunnerServer] EstablishVssConnection
[2026-08-17 22:38:49Z INFO RunnerServer] Establish connection with 60 seconds timeout.
[2026-08-17 22:38:49Z INFO GitHubActionsService] Starting operation Location.GetConnectionData
[2026-08-17 22:38:49Z INFO RunnerServer] EstablishVssConnection
[2026-08-17 22:38:49Z INFO RunnerServer] Establish connection with 60 seconds timeout.
[2026-08-17 22:38:49Z INFO GitHubActionsService] Starting operation Location.GetConnectionData
[2026-08-17 22:38:50Z INFO GitHubActionsService] Finished operation Location.GetConnectionData
[2026-08-17 22:38:50Z INFO GitHubActionsService] Finished operation Location.GetConnectionData
[2026-08-17 22:38:50Z INFO GitHubActionsService] Finished operation Location.GetConnectionData
[2026-08-17 22:38:50Z INFO BrokerMessageListener] VssConnection created
[2026-08-17 22:38:50Z INFO Terminal] WRITE LINE: 
[2026-08-17 22:38:51Z INFO Terminal] WRITE LINE: 
[2026-08-17 22:38:51Z INFO RSAEncryptedFileKeyManager] Loading RSA key parameters from file C:\Users\PankajKumarRoy\Desktop\Univercity-main\actions-runner\.credentials_rsaparams
[2026-08-17 22:38:51Z INFO RSAEncryptedFileKeyManager] Loading RSA key parameters from file C:\Users\PankajKumarRoy\Desktop\Univercity-main\actions-runner\.credentials_rsaparams
[2026-08-17 22:38:52Z INFO GitHubActionsService] AAD Correlation ID for this token request: Unknown
[2026-08-17 22:38:52Z INFO BrokerMessageListener] Session created.
[2026-08-17 22:38:52Z INFO Runner] Successfully created session with migrated settings
[2026-08-17 22:38:52Z INFO Terminal] WRITE LINE: Current runner version: '2.336.0'
[2026-08-17 22:38:52Z INFO Terminal] WRITE LINE: 2026-08-17 22:38:52Z: Listening for Jobs
[2026-08-17 22:38:52Z INFO JobDispatcher] Set runner/worker IPC timeout to 30 seconds.
